// Jest Snapshot v1, https://goo.gl/fbAQLP

exports[`InfoCard should match snapshot with correct data passing through 1`] = `""`;
